Drill report for fall_sensor.kicad_pcb
Created on 2026-08-26T13:22:30

Copper Layer Stackup:
    =============================================================
    L1 :  F.Cu                      front
    L2 :  B.Cu                      back


Drill file 'fall_sensor.drl' contains
    plated through holes:
    =============================================================
    T1  0.300mm  0.0118"  (33 holes))
    T2  0.800mm  0.0315"  (20 holes))
    T3  0.900mm  0.0354"  (2 holes))
    T4  1.000mm  0.0394"  (64 holes))
    T5  1.100mm  0.0433"  (4 holes))
    T6  1.200mm  0.0472"  (4 holes))
    T7  1.500mm  0.0591"  (4 holes))

    Total plated holes count 131


Not plated through holes are merged with plated holes
    unplated through holes:
    =============================================================

    Total unplated holes count 0
