** Drc report for fall_sensor.kicad_pcb **
** Created on 2026-08-10T23:18:48 **
** Report includes: Errors, Warnings **

** Found 22 DRC violations **
[clearance]: Clearance violation (netclass 'Power' clearance 0.6000 mm; actual 0.3500 mm)
    Rule: netclass 'Power'; error
    @(120.2250 mm, 119.5000 mm): Pad 1 [+5V] of U6 on F.Cu
    @(120.2250 mm, 120.4500 mm): Pad 2 [GND] of U6 on F.Cu
[clearance]: Clearance violation (netclass 'Power' clearance 0.6000 mm; actual 0.3500 mm)
    Rule: netclass 'Power'; error
    @(120.2250 mm, 120.4500 mm): Pad 2 [GND] of U6 on F.Cu
    @(120.2250 mm, 121.4000 mm): Pad 3 [/RADAR_EN] of U6 on F.Cu
[clearance]: Clearance violation (netclass 'Power' clearance 0.6000 mm; actual 0.3500 mm)
    Rule: netclass 'Power'; error
    @(122.5000 mm, 120.4500 mm): Pad 5 [GND] of U6 on F.Cu
    @(122.5000 mm, 119.5000 mm): Pad 6 [Net-(RADAR1-VIN)] of U6 on F.Cu
[silk_edge_clearance]: Silkscreen clipped by board edge
    Rule: board setup constraints silk; warning
    @(50.0000 mm, 50.0000 mm): Rectangle on Edge.Cuts
    @(89.0000 mm, 49.9600 mm): Reference field of U3
[silk_edge_clearance]: Silkscreen clipped by board edge
    Rule: board setup constraints silk; warning
    @(50.0000 mm, 50.0000 mm): Rectangle on Edge.Cuts
    @(84.1900 mm, 129.5400 mm): Reference field of U2
[silk_edge_clearance]: Silkscreen clipped by board edge
    Rule: board setup constraints silk; warning
    @(50.0000 mm, 50.0000 mm): Rectangle on Edge.Cuts
    @(140.0000 mm, 109.0000 mm): Segment of RADAR1 on F.Silkscreen
[silk_edge_clearance]: Silkscreen clipped by board edge
    Rule: board setup constraints silk; warning
    @(50.0000 mm, 50.0000 mm): Rectangle on Edge.Cuts
    @(160.0000 mm, 129.0000 mm): Segment of RADAR1 on F.Silkscreen
[silk_overlap]: Silkscreen clearance
    Rule: board setup constraints silk; warning
    @(108.2500 mm, 76.0000 mm): Reference field of C5
    @(108.6300 mm, 76.6200 mm): Segment of C7 on F.Silkscreen
[silk_overlap]: Silkscreen clearance
    Rule: board setup constraints silk; warning
    @(108.2500 mm, 76.0000 mm): Reference field of C5
    @(108.9670 mm, 76.6200 mm): Segment of C7 on F.Silkscreen
[silk_overlap]: Silkscreen clearance
    Rule: board setup constraints silk; warning
    @(102.0000 mm, 76.0000 mm): Circle of C5 on F.Silkscreen
    @(107.5000 mm, 74.0000 mm): Reference field of C7
[silk_overlap]: Silkscreen clearance
    Rule: board setup constraints silk; warning
    @(52.5000 mm, 112.1200 mm): Reference field of SW2
    @(78.0000 mm, 111.5000 mm): Segment of U4 on F.Silkscreen
[silk_overlap]: Silkscreen clearance
    Rule: board setup constraints silk; warning
    @(78.5000 mm, 99.0000 mm): Reference field of C2
    @(78.0000 mm, 94.5000 mm): Segment of U4 on F.Silkscreen
[silk_overlap]: Silkscreen clearance
    Rule: board setup constraints silk; warning
    @(94.7300 mm, 124.6300 mm): Rectangle of R2 on F.Silkscreen
    @(98.0000 mm, 126.8700 mm): Reference field of R2
[silk_overlap]: Silkscreen clearance
    Rule: board setup constraints silk; warning
    @(98.0800 mm, 120.0000 mm): Reference field of R1
    @(94.8100 mm, 120.1300 mm): Rectangle of R1 on F.Silkscreen
[silk_over_copper]: Silkscreen clipped by solder mask
    Local override; warning
    @(70.0000 mm, 94.0000 mm): Segment of U7 on F.Silkscreen
    @(68.5000 mm, 92.5000 mm): PTH pad 3 [+3V3] of U7
[silk_over_copper]: Silkscreen clipped by solder mask
    Local override; warning
    @(70.0000 mm, 94.0000 mm): Segment of U7 on F.Silkscreen
    @(52.5000 mm, 92.5000 mm): PTH pad 4 [GND] of U7
[silk_over_copper]: Silkscreen clipped by solder mask
    Local override; warning
    @(70.0000 mm, 51.0000 mm): Segment of U7 on F.Silkscreen
    @(68.5000 mm, 52.5000 mm): PTH pad 1 [+5V] of U7
[silk_over_copper]: Silkscreen clipped by solder mask
    Local override; warning
    @(70.0000 mm, 51.0000 mm): Segment of U7 on F.Silkscreen
    @(68.5000 mm, 92.5000 mm): PTH pad 3 [+3V3] of U7
[silk_over_copper]: Silkscreen clipped by solder mask
    Local override; warning
    @(51.0000 mm, 94.0000 mm): Segment of U7 on F.Silkscreen
    @(52.5000 mm, 52.5000 mm): PTH pad 2 [GND] of U7
[silk_over_copper]: Silkscreen clipped by solder mask
    Local override; warning
    @(51.0000 mm, 94.0000 mm): Segment of U7 on F.Silkscreen
    @(52.5000 mm, 92.5000 mm): PTH pad 4 [GND] of U7
[silk_over_copper]: Silkscreen clipped by solder mask
    Local override; warning
    @(51.0000 mm, 51.0000 mm): Segment of U7 on F.Silkscreen
    @(68.5000 mm, 52.5000 mm): PTH pad 1 [+5V] of U7
[silk_over_copper]: Silkscreen clipped by solder mask
    Local override; warning
    @(51.0000 mm, 51.0000 mm): Segment of U7 on F.Silkscreen
    @(52.5000 mm, 52.5000 mm): PTH pad 2 [GND] of U7

** Found 29 unconnected pads **
[unconnected_items]: Missing connection between items
    Local override; error
    @(72.5000 mm, 52.5000 mm): PTH pad 2 [GND] of U3
    @(52.5000 mm, 52.5000 mm): PTH pad 2 [GND] of U7
[unconnected_items]: Missing connection between items
    Local override; error
    @(72.5000 mm, 52.5000 mm): PTH pad 2 [GND] of U3
    @(89.0000 mm, 77.0000 mm): PTH pad 2 [GND] of C3
[unconnected_items]: Missing connection between items
    Local override; error
    @(74.0000 mm, 91.5000 mm): PTH pad 2 [GND] of C9
    @(75.5000 mm, 83.5000 mm): PTH pad 2 [GND] of C6
[unconnected_items]: Missing connection between items
    Local override; error
    @(74.0000 mm, 91.5000 mm): PTH pad 2 [GND] of C9
    @(52.5000 mm, 92.5000 mm): PTH pad 4 [GND] of U7
[unconnected_items]: Missing connection between items
    Local override; error
    @(76.0000 mm, 98.8800 mm): PTH pad 4 [GND] of U4
    @(74.0000 mm, 91.5000 mm): PTH pad 2 [GND] of C9
[unconnected_items]: Missing connection between items
    Local override; error
    @(81.0000 mm, 96.5000 mm): PTH pad 2 [GND] of C2
    @(76.0000 mm, 98.8800 mm): PTH pad 4 [GND] of U4
[unconnected_items]: Missing connection between items
    Local override; error
    @(81.0000 mm, 96.5000 mm): PTH pad 2 [GND] of C2
    @(83.5000 mm, 91.5000 mm): PTH pad 2 [GND] of C1
[unconnected_items]: Missing connection between items
    Local override; error
    @(88.0000 mm, 121.9200 mm): PTH pad 7 [GND] of U2
    @(103.0800 mm, 126.0000 mm): PTH pad 2 [GND] of R2
[unconnected_items]: Missing connection between items
    Local override; error
    @(89.0000 mm, 77.0000 mm): PTH pad 2 [GND] of C3
    @(102.0000 mm, 78.5000 mm): PTH pad 2 [GND] of C5
[unconnected_items]: Missing connection between items
    Local override; error
    @(89.0000 mm, 77.0000 mm): PTH pad 2 [GND] of C3
    @(75.5000 mm, 83.5000 mm): PTH pad 2 [GND] of C6
[unconnected_items]: Missing connection between items
    Local override; error
    @(99.5600 mm, 109.8600 mm): PTH pad 14 [GND] of U1
    @(103.0800 mm, 126.0000 mm): PTH pad 2 [GND] of R2
[unconnected_items]: Missing connection between items
    Local override; error
    @(99.5600 mm, 109.8600 mm): PTH pad 14 [GND] of U1
    @(81.0000 mm, 96.5000 mm): PTH pad 2 [GND] of C2
[unconnected_items]: Missing connection between items
    Local override; error
    @(110.0000 mm, 71.5000 mm): PTH pad 2 [GND] of C7
    @(102.0000 mm, 78.5000 mm): PTH pad 2 [GND] of C5
[unconnected_items]: Missing connection between items
    Local override; error
    @(111.0000 mm, 57.0000 mm): PTH pad 2 [GND] of C4
    @(106.5000 mm, 52.5000 mm): PTH pad 4 [GND] of U3
[unconnected_items]: Missing connection between items
    Local override; error
    @(111.0000 mm, 57.0000 mm): PTH pad 2 [GND] of C4
    @(120.0000 mm, 59.5000 mm): PTH pad 2 [GND] of C8
[unconnected_items]: Missing connection between items
    Local override; error
    @(111.0000 mm, 57.0000 mm): PTH pad 2 [GND] of C4
    @(110.0000 mm, 71.5000 mm): PTH pad 2 [GND] of C7
[unconnected_items]: Missing connection between items
    Local override; error
    @(115.5000 mm, 74.2700 mm): PTH pad 2 [GND] of U5
    @(110.0000 mm, 71.5000 mm): PTH pad 2 [GND] of C7
[unconnected_items]: Missing connection between items
    Local override; error
    @(120.2250 mm, 120.4500 mm): Pad 2 [GND] of U6 on F.Cu
    @(103.0800 mm, 126.0000 mm): PTH pad 2 [GND] of R2
[unconnected_items]: Missing connection between items
    Local override; error
    @(122.5000 mm, 120.4500 mm): Pad 5 [GND] of U6 on F.Cu
    @(120.2250 mm, 120.4500 mm): Pad 2 [GND] of U6 on F.Cu
[unconnected_items]: Missing connection between items
    Local override; error
    @(122.5000 mm, 121.4000 mm): Pad 4 [GND] of U6 on F.Cu
    @(122.5000 mm, 120.4500 mm): Pad 5 [GND] of U6 on F.Cu
[unconnected_items]: Missing connection between items
    Local override; error
    @(125.5000 mm, 53.1700 mm): PTH pad 3 [GND] of PIR1
    @(120.0000 mm, 59.5000 mm): PTH pad 2 [GND] of C8
[unconnected_items]: Missing connection between items
    Local override; error
    @(130.0400 mm, 84.4600 mm): PTH pad 17 [GND] of U1
    @(142.7700 mm, 89.0000 mm): PTH pad 2 [GND] of D1
[unconnected_items]: Missing connection between items
    Local override; error
    @(130.0400 mm, 84.4600 mm): PTH pad 17 [GND] of U1
    @(115.5000 mm, 74.2700 mm): PTH pad 2 [GND] of U5
[unconnected_items]: Missing connection between items
    Local override; error
    @(141.5000 mm, 114.5400 mm): PTH pad 2 [GND] of RADAR1
    @(122.5000 mm, 120.4500 mm): Pad 5 [GND] of U6 on F.Cu
[unconnected_items]: Missing connection between items
    Local override; error
    @(92.9200 mm, 126.0000 mm): PTH pad 1 [/BATT_ADC] of R2
    @(103.1600 mm, 121.5000 mm): PTH pad 2 [/BATT_ADC] of R1
[unconnected_items]: Missing connection between items
    Local override; error
    @(103.1600 mm, 121.5000 mm): PTH pad 2 [/BATT_ADC] of R1
    @(122.4200 mm, 109.8600 mm): PTH pad 5 [/BATT_ADC] of U1
[unconnected_items]: Missing connection between items
    Local override; error
    @(107.2500 mm, 121.2500 mm): PTH pad 1 [Net-(U1-GPIO33)] of SW1
    @(113.7500 mm, 121.2500 mm): PTH pad 1 [Net-(U1-GPIO33)] of SW1
[unconnected_items]: Missing connection between items
    Local override; error
    @(113.7500 mm, 121.2500 mm): PTH pad 1 [Net-(U1-GPIO33)] of SW1
    @(114.8000 mm, 109.8600 mm): PTH pad 8 [Net-(U1-GPIO33)] of U1
[unconnected_items]: Missing connection between items
    Local override; error
    @(52.5000 mm, 125.4600 mm): PTH pad 2 [Net-(BT1-Pin_2)] of BT1
    @(76.0000 mm, 103.9600 mm): PTH pad 1 [Net-(BT1-Pin_2)] of U4

** Found 0 Footprint errors **

** Ignored checks **
    - Footprint has no courtyard defined
    - Track endpoint not centered on via
    - Tuning profile track geometries
    - Footprint doesn't match symbol's footprint filters
    - Footprint component type doesn't match footprint pads

** End of Report **
