ERC report (2026-09-08T01:03:40, Encoding UTF8)
Report includes: Errors, Warnings, Exclusions

***** Sheet /
[lib_symbol_mismatch]: Symbol 'C' doesn't match copy in library 'Device'
    ; warning
    @(27.94 mm, 124.46 mm): Symbol C8 [C]
[unconnected_wire_endpoint]: Unconnected wire endpoint
    ; warning
    @(44.45 mm, 127.00 mm): Vertical Wire, length 1.27 mm
[unconnected_wire_endpoint]: Unconnected wire endpoint
    ; warning
    @(49.53 mm, 119.38 mm): Vertical Wire, length 1.27 mm
[lib_symbol_mismatch]: Symbol '+3V3' doesn't match copy in library 'power'
    ; warning
    @(49.53 mm, 120.65 mm): Symbol #PWR27 [+3V3]
[lib_symbol_mismatch]: Symbol 'Conn_01x02' doesn't match copy in library 'Connector_Generic'
    ; warning
    @(68.58 mm, 54.61 mm): Symbol BT1 [Conn_01x02]
[lib_symbol_mismatch]: Symbol 'C' doesn't match copy in library 'Device'
    ; warning
    @(73.66 mm, 114.30 mm): Symbol C7 [C]
[lib_symbol_mismatch]: Symbol '+3V3' doesn't match copy in library 'power'
    ; warning
    @(97.79 mm, 111.76 mm): Symbol #PWR28 [+3V3]
[lib_symbol_mismatch]: Symbol 'GND' doesn't match copy in library 'power'
    ; warning
    @(97.79 mm, 116.84 mm): Symbol #PWR19 [GND]
[lib_symbol_mismatch]: Symbol '+5V' doesn't match copy in library 'power'
    ; warning
    @(100.33 mm, 232.41 mm): Symbol #PWR23 [+5V]
[lib_symbol_issues]: Symbol 'CP' not found in symbol library 'Device'
    ; warning
    @(100.33 mm, 236.22 mm): Symbol C3 [CP]
[lib_symbol_mismatch]: Symbol 'GND' doesn't match copy in library 'power'
    ; warning
    @(100.33 mm, 240.03 mm): Symbol #PWR08 [GND]
[lib_symbol_mismatch]: Symbol 'GND' doesn't match copy in library 'power'
    ; warning
    @(115.57 mm, 147.32 mm): Symbol #PWR15 [GND]
[lib_symbol_mismatch]: Symbol '+5V' doesn't match copy in library 'power'
    ; warning
    @(116.84 mm, 232.41 mm): Symbol #PWR033 [+5V]
[lib_symbol_mismatch]: Symbol 'C' doesn't match copy in library 'Device'
    ; warning
    @(116.84 mm, 236.22 mm): Symbol C4 [C]
[lib_symbol_mismatch]: Symbol 'GND' doesn't match copy in library 'power'
    ; warning
    @(116.84 mm, 240.03 mm): Symbol #PWR021 [GND]
[lib_symbol_mismatch]: Symbol '+3V3' doesn't match copy in library 'power'
    ; warning
    @(119.38 mm, 152.40 mm): Symbol #PWR034 [+3V3]
[lib_symbol_mismatch]: Symbol 'C' doesn't match copy in library 'Device'
    ; warning
    @(142.24 mm, 90.17 mm): Symbol C1 [C]
[lib_symbol_mismatch]: Symbol 'GND' doesn't match copy in library 'power'
    ; warning
    @(142.24 mm, 93.98 mm): Symbol #PWR06 [GND]
[lib_symbol_mismatch]: Symbol 'GND' doesn't match copy in library 'power'
    ; warning
    @(149.86 mm, 58.42 mm): Symbol #PWR03 [GND]
[lib_symbol_mismatch]: Symbol 'R' doesn't match copy in library 'Device'
    ; warning
    @(170.18 mm, 82.55 mm): Symbol R1 [R]
[lib_symbol_mismatch]: Symbol 'R' doesn't match copy in library 'Device'
    ; warning
    @(170.18 mm, 93.98 mm): Symbol R2 [R]
[lib_symbol_mismatch]: Symbol 'GND' doesn't match copy in library 'power'
    ; warning
    @(170.18 mm, 100.33 mm): Symbol #PWR04 [GND]
[lib_symbol_mismatch]: Symbol 'SW_Push' doesn't match copy in library 'Switch'
    ; warning
    @(173.99 mm, 182.88 mm): Symbol SW1 [SW_Push]
[lib_symbol_mismatch]: Symbol '+3V3' doesn't match copy in library 'power'
    ; warning
    @(179.07 mm, 182.88 mm): Symbol #PWR29 [+3V3]
[lib_symbol_mismatch]: Symbol 'SW_SPST' doesn't match copy in library 'Switch'
    ; warning
    @(187.96 mm, 53.34 mm): Symbol SW2 [SW_SPST]
[lib_symbol_mismatch]: Symbol '+3V3' doesn't match copy in library 'power'
    ; warning
    @(201.93 mm, 124.46 mm): Symbol #PWR26 [+3V3]
[lib_symbol_mismatch]: Symbol 'GND' doesn't match copy in library 'power'
    ; warning
    @(226.06 mm, 92.71 mm): Symbol #PWR09 [GND]
[lib_symbol_mismatch]: Symbol 'GND' doesn't match copy in library 'power'
    ; warning
    @(229.87 mm, 60.96 mm): Symbol #PWR01 [GND]
[unconnected_wire_endpoint]: Unconnected wire endpoint
    ; warning
    @(232.41 mm, 149.86 mm): Horizontal Wire, length 8.89 mm
[lib_symbol_mismatch]: Symbol '+5V' doesn't match copy in library 'power'
    ; warning
    @(247.65 mm, 55.88 mm): Symbol #PWR20 [+5V]
[lib_symbol_mismatch]: Symbol 'GND' doesn't match copy in library 'power'
    ; warning
    @(247.65 mm, 60.96 mm): Symbol #PWR02 [GND]
[lib_symbol_mismatch]: Symbol '+3V3' doesn't match copy in library 'power'
    ; warning
    @(248.92 mm, 90.17 mm): Symbol #PWR030 [+3V3]
[lib_symbol_mismatch]: Symbol 'GND' doesn't match copy in library 'power'
    ; warning
    @(248.92 mm, 127.00 mm): Symbol #PWR13 [GND]
[lib_symbol_mismatch]: Symbol 'R' doesn't match copy in library 'Device'
    ; warning
    @(251.46 mm, 179.07 mm): Symbol R3 [R]
[lib_symbol_mismatch]: Symbol 'LED' doesn't match copy in library 'Device'
    ; warning
    @(251.46 mm, 189.23 mm): Symbol D1 [LED]
[lib_symbol_mismatch]: Symbol 'GND' doesn't match copy in library 'power'
    ; warning
    @(251.46 mm, 193.04 mm): Symbol #PWR12 [GND]
[lib_symbol_mismatch]: Symbol '+5V' doesn't match copy in library 'power'
    ; warning
    @(254.00 mm, 85.09 mm): Symbol #PWR024 [+5V]
[lib_symbol_mismatch]: Symbol 'GND' doesn't match copy in library 'power'
    ; warning
    @(312.42 mm, 54.61 mm): Symbol #PWR16 [GND]
[lib_symbol_mismatch]: Symbol 'GND' doesn't match copy in library 'power'
    ; warning
    @(314.96 mm, 207.01 mm): Symbol #PWR17 [GND]
[no_connect_dangling]: Unconnected "no connection" flag
    ; warning
    @(349.25 mm, 217.17 mm): No Connect
[lib_symbol_mismatch]: Symbol 'LoadSwitch_DBVT' doesn't match copy in library 'FallSensor'
    ; warning
    @(359.41 mm, 124.46 mm): Symbol U6 [LoadSwitch_DBVT]
[lib_symbol_mismatch]: Symbol 'GND' doesn't match copy in library 'power'
    ; warning
    @(361.95 mm, 134.62 mm): Symbol #PWR10 [GND]

 ** ERC messages: 42  Errors 0  Warnings 42

 ** Ignored checks:
    - Global label only appears once in the schematic
    - Four connection points are joined together
    - SPICE model issue
    - Assigned footprint doesn't match footprint filters
